// Vitest Snapshot v1, https://vitest.dev/guide/snapshot.html

exports[`NotificationsTableComponent > should snap like in notification page with 2 notifications sorted by create time 1`] = `
<tm-notifications-table
  columnsData={[Function Array]}
  deleteNotificationEvent={[Function EventEmitter_]}
  guessTimezone={[Function String]}
  headerColorScheme="0"
  loadNotificationEditFormEvent={[Function EventEmitter_]}
  notificationsTableRowModels={[Function Array]}
  notificationsTableRowModelsSortBy={[Function Number]}
  notificationsTableRowModelsSortOrder="0"
  rowClassGetter={[Function Function]}
  rowDataToModelMap={[Function WeakMap]}
  rowIdGetter={[Function Function]}
  rowsData={[Function Array]}
  simpleModalService={[Function _SimpleModalService]}
  sortNotificationsTableRowModelsEvent={[Function EventEmitter_]}
>
  <div
    class="row"
  >
    <div
      class="col-12 table-responsive"
    >
      <tm-sortable-table
        tableid="notifications-table"
      >
        <table
          class="table table-bordered table-striped"
          id="notifications-table"
        >
          <thead>
            <tr
              class="bg-primary text-white"
            >
              <th
                aria-sort="none"
                class="sortable-header"
                style="text-align: start;"
              >
                <button
                  class="d-lg-flex align-items-center gap-lg-1 d-inline"
                >
                  <span
                    container="body"
                  >
                    Title
                  </span>
                  <span
                    aria-hidden="true"
                    class="fa-stack"
                  >
                    <i
                      class="fas fa-sort"
                    />
                  </span>
                </button>
              </th>
              <th
                aria-sort="none"
                class="sortable-header"
                style="text-align: start;"
              >
                <button
                  class="d-lg-flex align-items-center gap-lg-1 d-inline"
                >
                  <span
                    container="body"
                  >
                    Start Time
                  </span>
                  <span
                    aria-hidden="true"
                    class="fa-stack"
                  >
                    <i
                      class="fas fa-sort"
                    />
                  </span>
                </button>
              </th>
              <th
                aria-sort="none"
                class="sortable-header"
                style="text-align: start;"
              >
                <button
                  class="d-lg-flex align-items-center gap-lg-1 d-inline"
                >
                  <span
                    container="body"
                  >
                    End Time
                  </span>
                  <span
                    aria-hidden="true"
                    class="fa-stack"
                  >
                    <i
                      class="fas fa-sort"
                    />
                  </span>
                </button>
              </th>
              <th
                aria-sort="none"
                class="sortable-header"
                style="text-align: start;"
              >
                <button
                  class="d-lg-flex align-items-center gap-lg-1 d-inline"
                >
                  <span
                    container="body"
                  >
                    Target User
                  </span>
                  <span
                    aria-hidden="true"
                    class="fa-stack"
                  >
                    <i
                      class="fas fa-sort"
                    />
                  </span>
                </button>
              </th>
              <th
                aria-sort="none"
                class="sortable-header"
                style="text-align: start;"
              >
                <button
                  class="d-lg-flex align-items-center gap-lg-1 d-inline"
                >
                  <span
                    container="body"
                  >
                    Style
                  </span>
                  <span
                    aria-hidden="true"
                    class="fa-stack"
                  >
                    <i
                      class="fas fa-sort"
                    />
                  </span>
                </button>
              </th>
              <th
                aria-sort="descending"
                class="sortable-header"
                style="text-align: start;"
              >
                <button
                  class="d-lg-flex align-items-center gap-lg-1 d-inline"
                >
                  <span
                    container="body"
                  >
                    Creation Time
                  </span>
                  <span
                    aria-hidden="true"
                    class="fa-stack"
                  >
                    <i
                      class="fas fa-sort"
                    />
                    <i
                      class="fas fa-sort-down"
                    />
                  </span>
                </button>
              </th>
              <th
                aria-sort="none"
                style="text-align: start;"
              >
                <span
                  container="body"
                >
                  Actions
                </span>
              </th>
            </tr>
          </thead>
          <tbody>
          </tbody>
        </table>
      </tm-sortable-table>
    </div>
  </div>
</tm-notifications-table>
`;

exports[`NotificationsTableComponent > should snap like in notification page with 2 notifications sorted by start time 1`] = `
<tm-notifications-table
  columnsData={[Function Array]}
  deleteNotificationEvent={[Function EventEmitter_]}
  guessTimezone={[Function String]}
  headerColorScheme="0"
  loadNotificationEditFormEvent={[Function EventEmitter_]}
  notificationsTableRowModels={[Function Array]}
  notificationsTableRowModelsSortBy={[Function Number]}
  notificationsTableRowModelsSortOrder="0"
  rowClassGetter={[Function Function]}
  rowDataToModelMap={[Function WeakMap]}
  rowIdGetter={[Function Function]}
  rowsData={[Function Array]}
  simpleModalService={[Function _SimpleModalService]}
  sortNotificationsTableRowModelsEvent={[Function EventEmitter_]}
>
  <div
    class="row"
  >
    <div
      class="col-12 table-responsive"
    >
      <tm-sortable-table
        tableid="notifications-table"
      >
        <table
          class="table table-bordered table-striped"
          id="notifications-table"
        >
          <thead>
            <tr
              class="bg-primary text-white"
            >
              <th
                aria-sort="none"
                class="sortable-header"
                style="text-align: start;"
              >
                <button
                  class="d-lg-flex align-items-center gap-lg-1 d-inline"
                >
                  <span
                    container="body"
                  >
                    Title
                  </span>
                  <span
                    aria-hidden="true"
                    class="fa-stack"
                  >
                    <i
                      class="fas fa-sort"
                    />
                  </span>
                </button>
              </th>
              <th
                aria-sort="none"
                class="sortable-header"
                style="text-align: start;"
              >
                <button
                  class="d-lg-flex align-items-center gap-lg-1 d-inline"
                >
                  <span
                    container="body"
                  >
                    Start Time
                  </span>
                  <span
                    aria-hidden="true"
                    class="fa-stack"
                  >
                    <i
                      class="fas fa-sort"
                    />
                  </span>
                </button>
              </th>
              <th
                aria-sort="none"
                class="sortable-header"
                style="text-align: start;"
              >
                <button
                  class="d-lg-flex align-items-center gap-lg-1 d-inline"
                >
                  <span
                    container="body"
                  >
                    End Time
                  </span>
                  <span
                    aria-hidden="true"
                    class="fa-stack"
                  >
                    <i
                      class="fas fa-sort"
                    />
                  </span>
                </button>
              </th>
              <th
                aria-sort="none"
                class="sortable-header"
                style="text-align: start;"
              >
                <button
                  class="d-lg-flex align-items-center gap-lg-1 d-inline"
                >
                  <span
                    container="body"
                  >
                    Target User
                  </span>
                  <span
                    aria-hidden="true"
                    class="fa-stack"
                  >
                    <i
                      class="fas fa-sort"
                    />
                  </span>
                </button>
              </th>
              <th
                aria-sort="none"
                class="sortable-header"
                style="text-align: start;"
              >
                <button
                  class="d-lg-flex align-items-center gap-lg-1 d-inline"
                >
                  <span
                    container="body"
                  >
                    Style
                  </span>
                  <span
                    aria-hidden="true"
                    class="fa-stack"
                  >
                    <i
                      class="fas fa-sort"
                    />
                  </span>
                </button>
              </th>
              <th
                aria-sort="descending"
                class="sortable-header"
                style="text-align: start;"
              >
                <button
                  class="d-lg-flex align-items-center gap-lg-1 d-inline"
                >
                  <span
                    container="body"
                  >
                    Creation Time
                  </span>
                  <span
                    aria-hidden="true"
                    class="fa-stack"
                  >
                    <i
                      class="fas fa-sort"
                    />
                    <i
                      class="fas fa-sort-down"
                    />
                  </span>
                </button>
              </th>
              <th
                aria-sort="none"
                style="text-align: start;"
              >
                <span
                  container="body"
                >
                  Actions
                </span>
              </th>
            </tr>
          </thead>
          <tbody>
          </tbody>
        </table>
      </tm-sortable-table>
    </div>
  </div>
</tm-notifications-table>
`;

exports[`NotificationsTableComponent > should snap with default fields 1`] = `
<tm-notifications-table
  columnsData={[Function Array]}
  deleteNotificationEvent={[Function EventEmitter_]}
  guessTimezone={[Function String]}
  headerColorScheme="0"
  loadNotificationEditFormEvent={[Function EventEmitter_]}
  notificationsTableRowModels={[Function Array]}
  notificationsTableRowModelsSortBy={[Function Number]}
  notificationsTableRowModelsSortOrder="0"
  rowClassGetter={[Function Function]}
  rowDataToModelMap={[Function WeakMap]}
  rowIdGetter={[Function Function]}
  rowsData={[Function Array]}
  simpleModalService={[Function _SimpleModalService]}
  sortNotificationsTableRowModelsEvent={[Function EventEmitter_]}
>
  <div
    class="row"
  >
    <div
      class="col-12 table-responsive"
    >
      <tm-sortable-table
        tableid="notifications-table"
      >
        <table
          class="table table-bordered table-striped"
          id="notifications-table"
        >
          <thead>
            <tr
              class="bg-primary text-white"
            >
              <th
                aria-sort="none"
                class="sortable-header"
                style="text-align: start;"
              >
                <button
                  class="d-lg-flex align-items-center gap-lg-1 d-inline"
                >
                  <span
                    container="body"
                  >
                    Title
                  </span>
                  <span
                    aria-hidden="true"
                    class="fa-stack"
                  >
                    <i
                      class="fas fa-sort"
                    />
                  </span>
                </button>
              </th>
              <th
                aria-sort="none"
                class="sortable-header"
                style="text-align: start;"
              >
                <button
                  class="d-lg-flex align-items-center gap-lg-1 d-inline"
                >
                  <span
                    container="body"
                  >
                    Start Time
                  </span>
                  <span
                    aria-hidden="true"
                    class="fa-stack"
                  >
                    <i
                      class="fas fa-sort"
                    />
                  </span>
                </button>
              </th>
              <th
                aria-sort="none"
                class="sortable-header"
                style="text-align: start;"
              >
                <button
                  class="d-lg-flex align-items-center gap-lg-1 d-inline"
                >
                  <span
                    container="body"
                  >
                    End Time
                  </span>
                  <span
                    aria-hidden="true"
                    class="fa-stack"
                  >
                    <i
                      class="fas fa-sort"
                    />
                  </span>
                </button>
              </th>
              <th
                aria-sort="none"
                class="sortable-header"
                style="text-align: start;"
              >
                <button
                  class="d-lg-flex align-items-center gap-lg-1 d-inline"
                >
                  <span
                    container="body"
                  >
                    Target User
                  </span>
                  <span
                    aria-hidden="true"
                    class="fa-stack"
                  >
                    <i
                      class="fas fa-sort"
                    />
                  </span>
                </button>
              </th>
              <th
                aria-sort="none"
                class="sortable-header"
                style="text-align: start;"
              >
                <button
                  class="d-lg-flex align-items-center gap-lg-1 d-inline"
                >
                  <span
                    container="body"
                  >
                    Style
                  </span>
                  <span
                    aria-hidden="true"
                    class="fa-stack"
                  >
                    <i
                      class="fas fa-sort"
                    />
                  </span>
                </button>
              </th>
              <th
                aria-sort="descending"
                class="sortable-header"
                style="text-align: start;"
              >
                <button
                  class="d-lg-flex align-items-center gap-lg-1 d-inline"
                >
                  <span
                    container="body"
                  >
                    Creation Time
                  </span>
                  <span
                    aria-hidden="true"
                    class="fa-stack"
                  >
                    <i
                      class="fas fa-sort"
                    />
                    <i
                      class="fas fa-sort-down"
                    />
                  </span>
                </button>
              </th>
              <th
                aria-sort="none"
                style="text-align: start;"
              >
                <span
                  container="body"
                >
                  Actions
                </span>
              </th>
            </tr>
          </thead>
          <tbody>
          </tbody>
        </table>
      </tm-sortable-table>
    </div>
  </div>
</tm-notifications-table>
`;
